........................................................................ [ 60%]
...............................................                          [100%]
119 passed in 7.19s
